
> tattoo-studio-back@0.0.1 test
> jest src/appointments/appointments.service.spec.ts

  console.error
    ­ƒÆÑ ERREUR lors de l'envoi de l'email PROJET/TATTOO: Error: Email service error
        at Object.<anonymous> (C:\Users\ceeja\Documents\CORPORATE\PROJET\TattooStudio\Backend\TattooStudio-Backend\tattoo-studio-back\src\appointments\appointments.service.spec.ts:699:9)
        at Promise.then.completed (C:\Users\ceeja\Documents\CORPORATE\PROJET\TattooStudio\Backend\TattooStudio-Backend\tattoo-studio-back\node_modules\jest-circus\build\utils.js:298:28)
        at new Promise (<anonymous>)
        at callAsyncCircusFn (C:\Users\ceeja\Documents\CORPORATE\PROJET\TattooStudio\Backend\TattooStudio-Backend\tattoo-studio-back\node_modules\jest-circus\build\utils.js:231:10)
        at _callCircusTest (C:\Users\ceeja\Documents\CORPORATE\PROJET\TattooStudio\Backend\TattooStudio-Backend\tattoo-studio-back\node_modules\jest-circus\build\run.js:316:40)
        at _runTest (C:\Users\ceeja\Documents\CORPORATE\PROJET\TattooStudio\Backend\TattooStudio-Backend\tattoo-studio-back\node_modules\jest-circus\build\run.js:252:3)
        at _runTestsForDescribeBlock (C:\Users\ceeja\Documents\CORPORATE\PROJET\TattooStudio\Backend\TattooStudio-Backend\tattoo-studio-back\node_modules\jest-circus\build\run.js:126:9)
        at _runTestsForDescribeBlock (C:\Users\ceeja\Documents\CORPORATE\PROJET\TattooStudio\Backend\TattooStudio-Backend\tattoo-studio-back\node_modules\jest-circus\build\run.js:121:9)
        at _runTestsForDescribeBlock (C:\Users\ceeja\Documents\CORPORATE\PROJET\TattooStudio\Backend\TattooStudio-Backend\tattoo-studio-back\node_modules\jest-circus\build\run.js:121:9)
        at run (C:\Users\ceeja\Documents\CORPORATE\PROJET\TattooStudio\Backend\TattooStudio-Backend\tattoo-studio-back\node_modules\jest-circus\build\run.js:71:3)
        at runAndTransformResultsToJestFormat (C:\Users\ceeja\Documents\CORPORATE\PROJET\TattooStudio\Backend\TattooStudio-Backend\tattoo-studio-back\node_modules\jest-circus\build\legacy-code-todo-rewrite\jestAdapterInit.js:122:21)
        at jestAdapter (C:\Users\ceeja\Documents\CORPORATE\PROJET\TattooStudio\Backend\TattooStudio-Backend\tattoo-studio-back\node_modules\jest-circus\build\legacy-code-todo-rewrite\jestAdapter.js:79:19)
        at runTestInternal (C:\Users\ceeja\Documents\CORPORATE\PROJET\TattooStudio\Backend\TattooStudio-Backend\tattoo-studio-back\node_modules\jest-runner\build\runTest.js:367:16)
        at runTest (C:\Users\ceeja\Documents\CORPORATE\PROJET\TattooStudio\Backend\TattooStudio-Backend\tattoo-studio-back\node_modules\jest-runner\build\runTest.js:444:34)

    [0m [90m 392 |[39m           )[33m;[39m
     [90m 393 |[39m         } [36mcatch[39m (emailError) {
    [31m[1m>[22m[39m[90m 394 |[39m           console[33m.[39merror([32m'­ƒÆÑ ERREUR lors de l\'envoi de l\'email PROJET/TATTOO:'[39m[33m,[39m emailError)[33m;[39m
     [90m     |[39m                   [31m[1m^[22m[39m
     [90m 395 |[39m           [90m// Ne pas faire ├®chouer la cr├®ation du RDV si l'email ├®choue[39m
     [90m 396 |[39m         }
     [90m 397 |[39m[0m

      at AppointmentsService.create (appointments/appointments.service.ts:394:19)
      at Object.<anonymous> (appointments/appointments.service.spec.ts:702:22)

node.exe : [31m[Nest] 14004  - [39m23/01/2026 10:48:10 [31m  ERROR[39m [38;5;3m[AppointmentsService] [39m[31mcreateByClient failed[39m
Au caractère C:\Program Files\nodejs\npm.ps1:29 : 3
+   & $NODE_EXE $NPM_CLI_JS $args
+   ~~~~~~~~~~~~~~~~~~~~~~~~~~~~~
    + CategoryInfo          : NotSpecified: ([31m[Nest] 140...ent failed[39m:String) [], RemoteException
    + FullyQualifiedErrorId : NativeCommandError
 
[31m[Nest] 14004  - [39m23/01/2026 10:48:10 [31m  ERROR[39m [38;5;3m[AppointmentsService] [39mTypeError: this.mailService.sendPendingAppointmentNotification is not a function
    at AppointmentsService.createByClient [90m(C:\Users\ceeja\Documents\CORPORATE\PROJET\TattooStudio\Backend\TattooStudio-Backend\tattoo-studio-back\[39msrc\appointments\appointments.service.ts:831:34[90m)[39m
    at Object.<anonymous> [90m(C:\Users\ceeja\Documents\CORPORATE\PROJET\TattooStudio\Backend\TattooStudio-Backend\tattoo-studio-back\[39msrc\appointments\appointments.service.spec.ts:860:22[90m)[39m
[31m[Nest] 14004  - [39m23/01/2026 10:48:10 [31m  ERROR[39m [38;5;3m[AppointmentsService] [39m[31mcreateByClient failed[39m
[31m[Nest] 14004  - [39m23/01/2026 10:48:10 [31m  ERROR[39m [38;5;3m[AppointmentsService] [39mTypeError: this.mailService.sendAutoConfirmedAppointment is not a function
    at AppointmentsService.createByClient [90m(C:\Users\ceeja\Documents\CORPORATE\PROJET\TattooStudio\Backend\TattooStudio-Backend\tattoo-studio-back\[39msrc\appointments\appointments.service.ts:862:34[90m)[39m
    at Object.<anonymous> [90m(C:\Users\ceeja\Documents\CORPORATE\PROJET\TattooStudio\Backend\TattooStudio-Backend\tattoo-studio-back\[39msrc\appointments\appointments.service.spec.ts:917:22[90m)[39m
[31m[Nest] 14004  - [39m23/01/2026 10:48:10 [31m  ERROR[39m [38;5;3m[AppointmentsService] [39m[31mcreateByClient failed[39m
[31m[Nest] 14004  - [39m23/01/2026 10:48:10 [31m  ERROR[39m [38;5;3m[AppointmentsService] [39mTypeError: this.mailService.sendAutoConfirmedAppointment is not a function
    at AppointmentsService.createByClient [90m(C:\Users\ceeja\Documents\CORPORATE\PROJET\TattooStudio\Backend\TattooStudio-Backend\tattoo-studio-back\[39msrc\appointments\appointments.service.ts:862:34[90m)[39m
    at Object.<anonymous> [90m(C:\Users\ceeja\Documents\CORPORATE\PROJET\TattooStudio\Backend\TattooStudio-Backend\tattoo-studio-back\[39msrc\appointments\appointments.service.spec.ts:1029:22[90m)[39m
[31m[Nest] 14004  - [39m23/01/2026 10:48:10 [31m  ERROR[39m [38;5;3m[AppointmentsService] [39m[31mcreateByClient failed[39m
[31m[Nest] 14004  - [39m23/01/2026 10:48:10 [31m  ERROR[39m [38;5;3m[AppointmentsService] [39mTypeError: this.mailService.sendAutoConfirmedAppointment is not a function
    at AppointmentsService.createByClient [90m(C:\Users\ceeja\Documents\CORPORATE\PROJET\TattooStudio\Backend\TattooStudio-Backend\tattoo-studio-back\[39msrc\appointments\appointments.service.ts:862:34[90m)[39m
    at Object.<anonymous> [90m(C:\Users\ceeja\Documents\CORPORATE\PROJET\TattooStudio\Backend\TattooStudio-Backend\tattoo-studio-back\[39msrc\appointments\appointments.service.spec.ts:1094:22[90m)[39m
[31m[Nest] 14004  - [39m23/01/2026 10:48:10 [31m  ERROR[39m [38;5;3m[AppointmentsService] [39m[31mcreateByClient failed[39m
[31m[Nest] 14004  - [39m23/01/2026 10:48:10 [31m  ERROR[39m [38;5;3m[AppointmentsService] [39mError: Tatoueur service error
    at Object.<anonymous> [90m(C:\Users\ceeja\Documents\CORPORATE\PROJET\TattooStudio\Backend\TattooStudio-Backend\tattoo-studio-back\[39msrc\appointments\appointments.service.spec.ts:1105:9[90m)[39m
    at Promise.then.completed [90m(C:\Users\ceeja\Documents\CORPORATE\PROJET\TattooStudio\Backend\TattooStudio-Backend\tattoo-studio-back\[39mnode_modules\[4mjest-circus[24m\build\utils.js:298:28[90m)[39m
    at new Promise (<anonymous>)
    at callAsyncCircusFn [90m(C:\Users\ceeja\Documents\CORPORATE\PROJET\TattooStudio\Backend\TattooStudio-Backend\tattoo-studio-back\[39mnode_modules\[4mjest-circus[24m\build\utils.js:231:10[90m)[39m
    at _callCircusTest [90m(C:\Users\ceeja\Documents\CORPORATE\PROJET\TattooStudio\Backend\TattooStudio-Backend\tattoo-studio-back\[39mnode_modules\[4mjest-circus[24m\build\run.js:316:40[90m)[39m
    at _runTest [90m(C:\Users\ceeja\Documents\CORPORATE\PROJET\TattooStudio\Backend\TattooStudio-Backend\tattoo-studio-back\[39mnode_modules\[4mjest-circus[24m\build\run.js:252:3[90m)[39m
    at _runTestsForDescribeBlock [90m(C:\Users\ceeja\Documents\CORPORATE\PROJET\TattooStudio\Backend\TattooStudio-Backend\tattoo-studio-back\[39mnode_modules\[4mjest-circus[24m\build\run.js:126:9[90m)[39m
    at _runTestsForDescribeBlock [90m(C:\Users\ceeja\Documents\CORPORATE\PROJET\TattooStudio\Backend\TattooStudio-Backend\tattoo-studio-back\[39mnode_modules\[4mjest-circus[24m\build\run.js:121:9[90m)[39m
    at _runTestsForDescribeBlock [90m(C:\Users\ceeja\Documents\CORPORATE\PROJET\TattooStudio\Backend\TattooStudio-Backend\tattoo-studio-back\[39mnode_modules\[4mjest-circus[24m\build\run.js:121:9[90m)[39m
    at run [90m(C:\Users\ceeja\Documents\CORPORATE\PROJET\TattooStudio\Backend\TattooStudio-Backend\tattoo-studio-back\[39mnode_modules\[4mjest-circus[24m\build\run.js:71:3[90m)[39m
    at runAndTransformResultsToJestFormat [90m(C:\Users\ceeja\Documents\CORPORATE\PROJET\TattooStudio\Backend\TattooStudio-Backend\tattoo-studio-back\[39mnode_modules\[4mjest-circus[24m\build\legacy-code-todo-rewrite\jestAdapterInit.js:122:21[90m)[39m
    at jestAdapter [90m(C:\Users\ceeja\Documents\CORPORATE\PROJET\TattooStudio\Backend\TattooStudio-Backend\tattoo-studio-back\[39mnode_modules\[4mjest-circus[24m\build\legacy-code-todo-rewrite\jestAdapter.js:79:19[90m)[39m
    at runTestInternal [90m(C:\Users\ceeja\Documents\CORPORATE\PROJET\TattooStudio\Backend\TattooStudio-Backend\tattoo-studio-back\[39mnode_modules\[4mjest-runner[24m\build\runTest.js:367:16[90m)[39m
    at runTest [90m(C:\Users\ceeja\Documents\CORPORATE\PROJET\TattooStudio\Backend\TattooStudio-Backend\tattoo-studio-back\[39mnode_modules\[4mjest-runner[24m\build\runTest.js:444:34[90m)[39m
FAIL src/appointments/appointments.service.spec.ts (7.827 s)
  AppointmentsService
    ÔêÜ returns cached date range appointments when present (3 ms)
    ÔêÜ fetches date range appointments and caches them (2 ms)
    ÔêÜ returns cached salon appointments when present (3 ms)
    ├ù fetches salon appointments and caches them (3 ms)
    ÔêÜ returns empty array when tatoueur appointments query is null (2 ms)
    ÔêÜ returns cached appointment when available (2 ms)
    ÔêÜ fetches one appointment and caches it when not cached (2 ms)
    create()
      ÔêÜ should return error when tatoueur does not exist (22 ms)
      ÔêÜ should return error when time slot is already booked (4 ms)
      ÔêÜ should create appointment with new client (not connected) (5 ms)
      ÔêÜ should create appointment with existing client (7 ms)
      ÔêÜ should link connected client to appointment (5 ms)
      ÔêÜ should create tattoo detail for TATTOO prestation (9 ms)
      ÔêÜ should create piercing tattoo detail with price from service (3 ms)
      ÔêÜ should generate video call link when visio is true and no visioRoom provided (3 ms)
      ÔêÜ should use provided visioRoom when visio is true (4 ms)
      ÔêÜ should invalidate cache after successful appointment creation (3 ms)
      ÔêÜ should handle email sending errors gracefully (114 ms)
      ÔêÜ should catch general errors and return error response (2 ms)
    createByClient()
      ÔêÜ should return error when userId is not provided (3 ms)
      ÔêÜ should return error when tatoueur does not exist (7 ms)
      ÔêÜ should return error when time slot is already booked (2 ms)
      ÔêÜ should return error when salon not found (2 ms)
      ├ù should create appointment with PENDING status when confirmation enabled (39 ms)
      ├ù should create appointment with CONFIRMED status when confirmation disabled (4 ms)
      ├ù should handle appointment without tatoueur (2 ms)
      ├ù should create tattoo detail for PROJET prestation (3 ms)
      ├ù should handle visio room creation (5 ms)
      ÔêÜ should catch errors and return error response (3 ms)

  ÔùÅ AppointmentsService ÔÇ║ createByClient() ÔÇ║ should create appointment with PENDING status when confirmation enabled

    expect(received).toBe(expected) // Object.is equality

    Expected: false
    Received: true

    [0m [90m 863 |[39m       })[33m;[39m
     [90m 864 |[39m
    [31m[1m>[22m[39m[90m 865 |[39m       expect(result[33m.[39merror)[33m.[39mtoBe([36mfalse[39m)[33m;[39m
     [90m     |[39m                            [31m[1m^[22m[39m
     [90m 866 |[39m       expect(result[33m.[39mstatus)[33m.[39mtoBe([32m'PENDING'[39m)[33m;[39m
     [90m 867 |[39m       expect(result[33m.[39mmessage)[33m.[39mtoContain([32m'confirmation'[39m)[33m;[39m
     [90m 868 |[39m     })[33m;[39m[0m

      at Object.<anonymous> (appointments/appointments.service.spec.ts:865:28)

  ÔùÅ AppointmentsService ÔÇ║ createByClient() ÔÇ║ should create appointment with CONFIRMED status when confirmation disabled

    expect(received).toBe(expected) // Object.is equality

    Expected: false
    Received: true

    [0m [90m 920 |[39m       })[33m;[39m
     [90m 921 |[39m
    [31m[1m>[22m[39m[90m 922 |[39m       expect(result[33m.[39merror)[33m.[39mtoBe([36mfalse[39m)[33m;[39m
     [90m     |[39m                            [31m[1m^[22m[39m
     [90m 923 |[39m       expect(result[33m.[39mstatus)[33m.[39mtoBe([32m'CONFIRMED'[39m)[33m;[39m
     [90m 924 |[39m       expect(result[33m.[39mmessage)[33m.[39mtoContain([32m'succ├¿s'[39m)[33m;[39m
     [90m 925 |[39m     })[33m;[39m[0m

      at Object.<anonymous> (appointments/appointments.service.spec.ts:922:28)

  ÔùÅ AppointmentsService ÔÇ║ createByClient() ÔÇ║ should handle appointment without tatoueur

    expect(received).toBe(expected) // Object.is equality

    Expected: false
    Received: true

    [0m [90m 975 |[39m       })[33m;[39m
     [90m 976 |[39m
    [31m[1m>[22m[39m[90m 977 |[39m       expect(result[33m.[39merror)[33m.[39mtoBe([36mfalse[39m)[33m;[39m
     [90m     |[39m                            [31m[1m^[22m[39m
     [90m 978 |[39m       expect(prisma[33m.[39mtatoueur[33m.[39mfindUnique)[33m.[39mnot[33m.[39mtoHaveBeenCalled()[33m;[39m
     [90m 979 |[39m     })[33m;[39m
     [90m 980 |[39m[0m

      at Object.<anonymous> (appointments/appointments.service.spec.ts:977:28)

  ÔùÅ AppointmentsService ÔÇ║ createByClient() ÔÇ║ should create tattoo detail for PROJET prestation

    expect(received).toBe(expected) // Object.is equality

    Expected: false
    Received: true

    [0m [90m 1032 |[39m       })[33m;[39m
     [90m 1033 |[39m
    [31m[1m>[22m[39m[90m 1034 |[39m       expect(result[33m.[39merror)[33m.[39mtoBe([36mfalse[39m)[33m;[39m
     [90m      |[39m                            [31m[1m^[22m[39m
     [90m 1035 |[39m       expect(prisma[33m.[39mtattooDetail[33m.[39mcreate)[33m.[39mtoHaveBeenCalledWith({
     [90m 1036 |[39m         data[33m:[39m expect[33m.[39mobjectContaining({
     [90m 1037 |[39m           zone[33m:[39m [32m'├®paule'[39m[33m,[39m[0m

      at Object.<anonymous> (appointments/appointments.service.spec.ts:1034:28)

  ÔùÅ AppointmentsService ÔÇ║ createByClient() ÔÇ║ should handle visio room creation

    expect(received).toBe(expected) // Object.is equality

    Expected: false
    Received: true

    [0m [90m 1097 |[39m       })[33m;[39m
     [90m 1098 |[39m
    [31m[1m>[22m[39m[90m 1099 |[39m       expect(result[33m.[39merror)[33m.[39mtoBe([36mfalse[39m)[33m;[39m
     [90m      |[39m                            [31m[1m^[22m[39m
     [90m 1100 |[39m       expect(videoCallService[33m.[39mgenerateVideoCallLink)[33m.[39mtoHaveBeenCalled()[33m;[39m
     [90m 1101 |[39m     })[33m;[39m
     [90m 1102 |[39m[0m

      at Object.<anonymous> (appointments/appointments.service.spec.ts:1099:28)

  ÔùÅ AppointmentsService ÔÇ║ fetches salon appointments and caches them

    expect(received).toBe(expected) // Object.is equality

    Expected: false
    Received: true

    [0m [90m 1187 |[39m     [36mconst[39m result [33m=[39m [36mawait[39m service[33m.[39mgetAllAppointmentsBySalon([32m'salon1'[39m[33m,[39m [35m1[39m[33m,[39m [35m5[39m)[33m;[39m
     [90m 1188 |[39m
    [31m[1m>[22m[39m[90m 1189 |[39m     expect(result[33m.[39merror)[33m.[39mtoBe([36mfalse[39m)[33m;[39m
     [90m      |[39m                          [31m[1m^[22m[39m
     [90m 1190 |[39m     [36mconst[39m success [33m=[39m result [36mas[39m {
     [90m 1191 |[39m       error[33m:[39m [36mfalse[39m[33m,[39m
     [90m 1192 |[39m       appointments[33m:[39m any[][33m,[39m[0m

      at Object.<anonymous> (appointments/appointments.service.spec.ts:1189:26)

Test Suites: 1 failed, 1 total
Tests:       6 failed, 23 passed, 29 total
Snapshots:   0 total
Time:        8.284 s, estimated 12 s
Ran all test suites matching /src\\appointments\\appointments.service.spec.ts/i.
